ip access-list extended APP-POLICY
 permit tcp 10.10.0.0 10.20.0.0 eq 443
 deny ip 0.0.0.0 0.0.0.0
